// Jest Snapshot v1, https://goo.gl/fbAQLP

exports[`Shape component renders Shape 1`] = `
<section
  style={
    Object {
      "backgroundColor": "red",
      "height": "100px",
      "width": "100px",
    }
  }
>
  <p
    style={
      Object {
        "color": "red",
      }
    }
  >
    Zach Butler
  </p>
</section>
`;

exports[`Shape component renders TextSelector 1`] = `
<section
  style={
    Object {
      "backgroundColor": "red",
      "height": "100px",
      "width": "100px",
    }
  }
>
  <p
    style={
      Object {
        "color": "red",
      }
    }
  >
    Zach Butler
  </p>
</section>
`;

exports[`TextSelector component renders TextSelector 1`] = `
<section
  style={
    Object {
      "backgroundColor": "red",
      "height": "100px",
      "width": "100px",
    }
  }
>
  <p
    style={
      Object {
        "color": "red",
      }
    }
  >
    Zach Butler
  </p>
</section>
`;
